
  [30;42;1m PASS [39;49;22m[39m Tests\Unit\ExampleTest[39m
  [32;1m✓[39;22m[90m [39m[90mthat true is true[39m

  [30;42;1m PASS [39;49;22m[39m Tests\Unit\InventoryCodeSuggestionServiceTest[39m
  [32;1m✓[39;22m[90m [39m[90moffice inventory code is formatted correctly[39m[90m                        [39m [90m0.01s[39m  
  [32;1m✓[39;22m[90m [39m[90mnon ten digit value is not changed[39m

  [30;42;1m PASS [39;49;22m[39m Tests\Unit\OfficeInventoryCatalogTest[39m
  [32;1m✓[39;22m[90m [39m[90mcatalog contains only official 1 01 03 subcategories[39m[90m                [39m [90m0.08s[39m  
  [32;1m✓[39;22m[90m [39m[90mlegacy aliases are mapped to official categories[39m[90m                    [39m [90m0.01s[39m  
  [32;1m✓[39;22m[90m [39m[90mcategory is derived from inventory code[39m[90m                             [39m [90m0.01s[39m  

  [39;41;1m FAIL [39;49;22m[39m Tests\Feature\ExampleTest[39m
  [31;1m⨯[39;22m[90m [39m[90mthe application returns a successful response[39m[90m                       [39m [90m0.35s[39m  

  [30;42;1m PASS [39;49;22m[39m Tests\Feature\OfficeActivityInventoryCodeSeederTest[39m
  [32;1m✓[39;22m[90m [39m[90mseeder is idempotent and removes legacy duplicates[39m[90m                  [39m [90m0.16s[39m  

  [39;41;1m FAIL [39;49;22m[39m Tests\Feature\ReceiptDocumentTest[39m
  [32;1m✓[39;22m[90m [39m[90mguest cannot upload[39m[90m                                                 [39m [90m0.02s[39m  
  [32;1m✓[39;22m[90m [39m[90mvalid file returns 202 and dispatches job[39m[90m                           [39m [90m0.03s[39m  
  [32;1m✓[39;22m[90m [39m[90minvalid format is rejected[39m[90m                                          [39m [90m0.01s[39m  
  [32;1m✓[39;22m[90m [39m[90mocr client uses http fake and updates status[39m[90m                        [39m [90m0.03s[39m  
  [31;1m⨯[39;22m[90m [39m[90mverify transaction and calculations[39m[90m                                 [39m [90m0.01s[39m  
  [32;1m✓[39;22m[90m [39m[90mdouble verification rejected[39m[90m                                        [39m [90m0.01s[39m  
  [32;1m✓[39;22m[90m [39m[90mocr 422 response marks document as failed[39m[90m                           [39m [90m0.01s[39m  
  [32;1m✓[39;22m[90m [39m[90mhttp 200 with success false is rejected[39m[90m                             [39m [90m0.01s[39m  

  [30;42;1m PASS [39;49;22m[39m Tests\Feature\ReceiptExportDateBasisTest[39m
  [32;1m✓[39;22m[90m [39m[90mexport uses upload date when selected[39m[90m                               [39m [90m0.01s[39m  
  [31m────────────────────────────────────────────────────────────────────────────[39m  
  [41;1m FAILED [49;22m [1mTests\Feature\ExampleTest[22m [90m>[39m the application returns a successful…    
[39;1m  Expected response status code [200] but received 500.
Failed asserting that 500 is identical to 200.

The following exception occurred during the last request:

Illuminate\Foundation\ViteManifestNotFoundException: Vite manifest not found at: /home/runner/work/siperbang/siperbang/public/build/manifest.json in /home/runner/work/siperbang/siperbang/vendor/laravel/framework/src/Illuminate/Foundation/Vite.php:960
Stack trace:
#0 /home/runner/work/siperbang/siperbang/vendor/laravel/framework/src/Illuminate/Foundation/Vite.php(398): Illuminate\Foundation\Vite->manifest()
#1 /home/runner/work/siperbang/siperbang/storage/framework/views/1d085be534023592b495834c16c97248.php(9): Illuminate\Foundation\Vite->__invoke()
#2 /home/runner/work/siperbang/siperbang/vendor/laravel/framework/src/Illuminate/Filesystem/Filesystem.php(123): require('...')
#3 /home/runner/work/siperbang/siperbang/vendor/laravel/framework/src/Illuminate/Filesystem/Filesystem.php(124): Illuminate\Filesystem\Filesystem::{closure:Illuminate\Filesystem\Filesystem::getRequire():120}()
#4 /home/runner/work/siperbang/siperbang/vendor/laravel/framework/src/Illuminate/View/Engines/PhpEngine.php(57): Illuminate\Filesystem\Filesystem->getRequire()
#5 /home/runner/work/siperbang/siperbang/vendor/laravel/framework/src/Illuminate/View/Engines/CompilerEngine.php(76): Illuminate\View\Engines\PhpEngine->evaluatePath()
#6 /home/runner/work/siperbang/siperbang/vendor/laravel/framework/src/Illuminate/View/View.php(208): Illuminate\View\Engines\CompilerEngine->get()
#7 /home/runner/work/siperbang/siperbang/vendor/laravel/framework/src/Illuminate/View/View.php(191): Illuminate\View\View->getContents()
#8 /home/runner/work/siperbang/siperbang/vendor/laravel/framework/src/Illuminate/View/View.php(160): Illuminate\View\View->renderContents()
#9 /home/runner/work/siperbang/siperbang/vendor/laravel/framework/src/Illuminate/Http/Response.php(82): Illuminate\View\View->render()
#10 /home/runner/work/siperbang/siperbang/vendor/laravel/framework/src/Illuminate/Http/Response.php(40): Illuminate\Http\Response->setContent()
#11 /home/runner/work/siperbang/siperbang/vendor/laravel/framework/src/Illuminate/Routing/Router.php(939): Illuminate\Http\Response->__construct()
#12 /home/runner/work/siperbang/siperbang/vendor/laravel/framework/src/Illuminate/Routing/Router.php(906): Illuminate\Routing\Router::toResponse()
#13 /home/runner/work/siperbang/siperbang/vendor/laravel/framework/src/Illuminate/Routing/Router.php(821): Illuminate\Routing\Router->prepareResponse()
#14 /home/runner/work/siperbang/siperbang/vendor/laravel/framework/src/Illuminate/Pipeline/Pipeline.php(180): Illuminate\Routing\Router->{closure:Illuminate\Routing\Router::runRouteWithinStack():821}()
#15 /home/runner/work/siperbang/siperbang/vendor/laravel/framework/src/Illuminate/Routing/Middleware/SubstituteBindings.php(52): Illuminate\Pipeline\Pipeline->{closure:Illuminate\Pipeline\Pipeline::prepareDestination():178}()
#16 /home/runner/work/siperbang/siperbang/vendor/laravel/framework/src/Illuminate/Pipeline/Pipeline.php(219): Illuminate\Routing\Middleware\SubstituteBindings->handle()
#17 /home/runner/work/siperbang/siperbang/vendor/laravel/framework/src/Illuminate/Foundation/Http/Middleware/PreventRequestForgery.php(104): Illuminate\Pipeline\Pipeline->{closure:{closure:Illuminate\Pipeline\Pipeline::carry():194}:195}()
#18 /home/runner/work/siperbang/siperbang/vendor/laravel/framework/src/Illuminate/Pipeline/Pipeline.php(219): Illuminate\Foundation\Http\Middleware\PreventRequestForgery->handle()
#19 /home/runner/work/siperbang/siperbang/vendor/laravel/framework/src/Illuminate/View/Middleware/ShareErrorsFromSession.php(48): Illuminate\Pipeline\Pipeline->{closure:{closure:Illuminate\Pipeline\Pipeline::carry():194}:195}()
#20 /home/runner/work/siperbang/siperbang/vendor/laravel/framework/src/Illuminate/Pipeline/Pipeline.php(219): Illuminate\View\Middleware\ShareErrorsFromSession->handle()
#21 /home/runner/work/siperbang/siperbang/vendor/laravel/framework/src/Illuminate/Session/Middleware/StartSession.php(120): Illuminate\Pipeline\Pipeline->{closure:{closure:Illuminate\Pipeline\Pipeline::carry():194}:195}()
#22 /home/runner/work/siperbang/siperbang/vendor/laravel/framework/src/Illuminate/Session/Middleware/StartSession.php(63): Illuminate\Session\Middleware\StartSession->handleStatefulRequest()
#23 /home/runner/work/siperbang/siperbang/vendor/laravel/framework/src/Illuminate/Pipeline/Pipeline.php(219): Illuminate\Session\Middleware\StartSession->handle()
#24 /home/runner/work/siperbang/siperbang/vendor/laravel/framework/src/Illuminate/Cookie/Middleware/AddQueuedCookiesToResponse.php(36): Illuminate\Pipeline\Pipeline->{closure:{closure:Illuminate\Pipeline\Pipeline::carry():194}:195}()
#25 /home/runner/work/siperbang/siperbang/vendor/laravel/framework/src/Illuminate/Pipeline/Pipeline.php(219): Illuminate\Cookie\Middleware\AddQueuedCookiesToResponse->handle()
#26 /home/runner/work/siperbang/siperbang/vendor/laravel/framework/src/Illuminate/Cookie/Middleware/EncryptCookies.php(74): Illuminate\Pipeline\Pipeline->{closure:{closure:Illuminate\Pipeline\Pipeline::carry():194}:195}()
#27 /home/runner/work/siperbang/siperbang/vendor/laravel/framework/src/Illuminate/Pipeline/Pipeline.php(219): Illuminate\Cookie\Middleware\EncryptCookies->handle()
#28 /home/runner/work/siperbang/siperbang/vendor/laravel/framework/src/Illuminate/Pipeline/Pipeline.php(137): Illuminate\Pipeline\Pipeline->{closure:{closure:Illuminate\Pipeline\Pipeline::carry():194}:195}()
#29 /home/runner/work/siperbang/siperbang/vendor/laravel/framework/src/Illuminate/Routing/Router.php(821): Illuminate\Pipeline\Pipeline->then()
#30 /home/runner/work/siperbang/siperbang/vendor/laravel/framework/src/Illuminate/Routing/Router.php(800): Illuminate\Routing\Router->runRouteWithinStack()
#31 /home/runner/work/siperbang/siperbang/vendor/laravel/framework/src/Illuminate/Routing/Router.php(764): Illuminate\Routing\Router->runRoute()
#32 /home/runner/work/siperbang/siperbang/vendor/laravel/framework/src/Illuminate/Routing/Router.php(753): Illuminate\Routing\Router->dispatchToRoute()
#33 /home/runner/work/siperbang/siperbang/vendor/laravel/framework/src/Illuminate/Foundation/Http/Kernel.php(200): Illuminate\Routing\Router->dispatch()
#34 /home/runner/work/siperbang/siperbang/vendor/laravel/framework/src/Illuminate/Pipeline/Pipeline.php(180): Illuminate\Foundation\Http\Kernel->{closure:Illuminate\Foundation\Http\Kernel::dispatchToRouter():197}()
#35 /home/runner/work/siperbang/siperbang/vendor/laravel/framework/src/Illuminate/Foundation/Http/Middleware/TransformsRequest.php(21): Illuminate\Pipeline\Pipeline->{closure:Illuminate\Pipeline\Pipeline::prepareDestination():178}()
#36 /home/runner/work/siperbang/siperbang/vendor/laravel/framework/src/Illuminate/Foundation/Http/Middleware/ConvertEmptyStringsToNull.php(31): Illuminate\Foundation\Http\Middleware\TransformsRequest->handle()
#37 /home/runner/work/siperbang/siperbang/vendor/laravel/framework/src/Illuminate/Pipeline/Pipeline.php(219): Illuminate\Foundation\Http\Middleware\ConvertEmptyStringsToNull->handle()
#38 /home/runner/work/siperbang/siperbang/vendor/laravel/framework/src/Illuminate/Foundation/Http/Middleware/TransformsRequest.php(21): Illuminate\Pipeline\Pipeline->{closure:{closure:Illuminate\Pipeline\Pipeline::carry():194}:195}()
#39 /home/runner/work/siperbang/siperbang/vendor/laravel/framework/src/Illuminate/Foundation/Http/Middleware/TrimStrings.php(51): Illuminate\Foundation\Http\Middleware\TransformsRequest->handle()
#40 /home/runner/work/siperbang/siperbang/vendor/laravel/framework/src/Illuminate/Pipeline/Pipeline.php(219): Illuminate\Foundation\Http\Middleware\TrimStrings->handle()
#41 /home/runner/work/siperbang/siperbang/vendor/laravel/framework/src/Illuminate/Http/Middleware/ValidatePostSize.php(27): Illuminate\Pipeline\Pipeline->{closure:{closure:Illuminate\Pipeline\Pipeline::carry():194}:195}()
#42 /home/runner/work/siperbang/siperbang/vendor/laravel/framework/src/Illuminate/Pipeline/Pipeline.php(219): Illuminate\Http\Middleware\ValidatePostSize->handle()
#43 /home/runner/work/siperbang/siperbang/vendor/laravel/framework/src/Illuminate/Foundation/Http/Middleware/PreventRequestsDuringMaintenance.php(109): Illuminate\Pipeline\Pipeline->{closure:{closure:Illuminate\Pipeline\Pipeline::carry():194}:195}()
#44 /home/runner/work/siperbang/siperbang/vendor/laravel/framework/src/Illuminate/Pipeline/Pipeline.php(219): Illuminate\Foundation\Http\Middleware\PreventRequestsDuringMaintenance->handle()
#45 /home/runner/work/siperbang/siperbang/vendor/laravel/framework/src/Illuminate/Http/Middleware/HandleCors.php(61): Illuminate\Pipeline\Pipeline->{closure:{closure:Illuminate\Pipeline\Pipeline::carry():194}:195}()
#46 /home/runner/work/siperbang/siperbang/vendor/laravel/framework/src/Illuminate/Pipeline/Pipeline.php(219): Illuminate\Http\Middleware\HandleCors->handle()
#47 /home/runner/work/siperbang/siperbang/vendor/laravel/framework/src/Illuminate/Http/Middleware/TrustProxies.php(58): Illuminate\Pipeline\Pipeline->{closure:{closure:Illuminate\Pipeline\Pipeline::carry():194}:195}()
#48 /home/runner/work/siperbang/siperbang/vendor/laravel/framework/src/Illuminate/Pipeline/Pipeline.php(219): Illuminate\Http\Middleware\TrustProxies->handle()
#49 /home/runner/work/siperbang/siperbang/vendor/laravel/framework/src/Illuminate/Foundation/Http/Middleware/InvokeDeferredCallbacks.php(22): Illuminate\Pipeline\Pipeline->{closure:{closure:Illuminate\Pipeline\Pipeline::carry():194}:195}()
#50 /home/runner/work/siperbang/siperbang/vendor/laravel/framework/src/Illuminate/Pipeline/Pipeline.php(219): Illuminate\Foundation\Http\Middleware\InvokeDeferredCallbacks->handle()
#51 /home/runner/work/siperbang/siperbang/vendor/laravel/framework/src/Illuminate/Http/Middleware/ValidatePathEncoding.php(28): Illuminate\Pipeline\Pipeline->{closure:{closure:Illuminate\Pipeline\Pipeline::carry():194}:195}()
#52 /home/runner/work/siperbang/siperbang/vendor/laravel/framework/src/Illuminate/Pipeline/Pipeline.php(219): Illuminate\Http\Middleware\ValidatePathEncoding->handle()
#53 /home/runner/work/siperbang/siperbang/vendor/laravel/framework/src/Illuminate/Pipeline/Pipeline.php(137): Illuminate\Pipeline\Pipeline->{closure:{closure:Illuminate\Pipeline\Pipeline::carry():194}:195}()
#54 /home/runner/work/siperbang/siperbang/vendor/laravel/framework/src/Illuminate/Foundation/Http/Kernel.php(175): Illuminate\Pipeline\Pipeline->then()
#55 /home/runner/work/siperbang/siperbang/vendor/laravel/framework/src/Illuminate/Foundation/Http/Kernel.php(144): Illuminate\Foundation\Http\Kernel->sendRequestThroughRouter()
#56 /home/runner/work/siperbang/siperbang/vendor/laravel/framework/src/Illuminate/Foundation/Testing/Concerns/MakesHttpRequests.php(638): Illuminate\Foundation\Http\Kernel->handle()
#57 /home/runner/work/siperbang/siperbang/vendor/laravel/framework/src/Illuminate/Foundation/Testing/Concerns/MakesHttpRequests.php(368): Illuminate\Foundation\Testing\TestCase->call()
#58 /home/runner/work/siperbang/siperbang/tests/Feature/ExampleTest.php(15): Illuminate\Foundation\Testing\TestCase->get()
#59 /home/runner/work/siperbang/siperbang/vendor/phpunit/phpunit/src/Framework/TestCase.php(1318): Tests\Feature\ExampleTest->test_the_application_returns_a_successful_response()
#60 /home/runner/work/siperbang/siperbang/vendor/phpunit/phpunit/src/Framework/TestCase.php(1355): PHPUnit\Framework\TestCase->invokeTestMethod()
#61 /home/runner/work/siperbang/siperbang/vendor/phpunit/phpunit/src/Framework/TestCase.php(521): PHPUnit\Framework\TestCase->runTest()
#62 /home/runner/work/siperbang/siperbang/vendor/phpunit/phpunit/src/Framework/TestRunner/TestRunner.php(99): PHPUnit\Framework\TestCase->runBare()
#63 /home/runner/work/siperbang/siperbang/vendor/phpunit/phpunit/src/Framework/TestCase.php(361): PHPUnit\Framework\TestRunner->run()
#64 /home/runner/work/siperbang/siperbang/vendor/phpunit/phpunit/src/Framework/TestSuite.php(374): PHPUnit\Framework\TestCase->run()
#65 /home/runner/work/siperbang/siperbang/vendor/phpunit/phpunit/src/Framework/TestSuite.php(374): PHPUnit\Framework\TestSuite->run()
#66 /home/runner/work/siperbang/siperbang/vendor/phpunit/phpunit/src/Framework/TestSuite.php(374): PHPUnit\Framework\TestSuite->run()
#67 /home/runner/work/siperbang/siperbang/vendor/phpunit/phpunit/src/TextUI/TestRunner.php(64): PHPUnit\Framework\TestSuite->run()
#68 /home/runner/work/siperbang/siperbang/vendor/phpunit/phpunit/src/TextUI/Application.php(229): PHPUnit\TextUI\TestRunner->run()
#69 /home/runner/work/siperbang/siperbang/vendor/phpunit/phpunit/phpunit(104): PHPUnit\TextUI\Application->run()
#70 {main}

Next Illuminate\View\ViewException: Vite manifest not found at: /home/runner/work/siperbang/siperbang/public/build/manifest.json (View: /home/runner/work/siperbang/siperbang/resources/views/welcome.blade.php) in /home/runner/work/siperbang/siperbang/vendor/laravel/framework/src/Illuminate/Foundation/Vite.php:960
Stack trace:
#0 /home/runner/work/siperbang/siperbang/vendor/laravel/framework/src/Illuminate/View/Engines/PhpEngine.php(59): Illuminate\View\Engines\CompilerEngine->handleViewException()
#1 /home/runner/work/siperbang/siperbang/vendor/laravel/framework/src/Illuminate/View/Engines/CompilerEngine.php(76): Illuminate\View\Engines\PhpEngine->evaluatePath()
#2 /home/runner/work/siperbang/siperbang/vendor/laravel/framework/src/Illuminate/View/View.php(208): Illuminate\View\Engines\CompilerEngine->get()
#3 /home/runner/work/siperbang/siperbang/vendor/laravel/framework/src/Illuminate/View/View.php(191): Illuminate\View\View->getContents()
#4 /home/runner/work/siperbang/siperbang/vendor/laravel/framework/src/Illuminate/View/View.php(160): Illuminate\View\View->renderContents()
#5 /home/runner/work/siperbang/siperbang/vendor/laravel/framework/src/Illuminate/Http/Response.php(82): Illuminate\View\View->render()
#6 /home/runner/work/siperbang/siperbang/vendor/laravel/framework/src/Illuminate/Http/Response.php(40): Illuminate\Http\Response->setContent()
#7 /home/runner/work/siperbang/siperbang/vendor/laravel/framework/src/Illuminate/Routing/Router.php(939): Illuminate\Http\Response->__construct()
#8 /home/runner/work/siperbang/siperbang/vendor/laravel/framework/src/Illuminate/Routing/Router.php(906): Illuminate\Routing\Router::toResponse()
#9 /home/runner/work/siperbang/siperbang/vendor/laravel/framework/src/Illuminate/Routing/Router.php(821): Illuminate\Routing\Router->prepareResponse()
#10 /home/runner/work/siperbang/siperbang/vendor/laravel/framework/src/Illuminate/Pipeline/Pipeline.php(180): Illuminate\Routing\Router->{closure:Illuminate\Routing\Router::runRouteWithinStack():821}()
#11 /home/runner/work/siperbang/siperbang/vendor/laravel/framework/src/Illuminate/Routing/Middleware/SubstituteBindings.php(52): Illuminate\Pipeline\Pipeline->{closure:Illuminate\Pipeline\Pipeline::prepareDestination():178}()
#12 /home/runner/work/siperbang/siperbang/vendor/laravel/framework/src/Illuminate/Pipeline/Pipeline.php(219): Illuminate\Routing\Middleware\SubstituteBindings->handle()
#13 /home/runner/work/siperbang/siperbang/vendor/laravel/framework/src/Illuminate/Foundation/Http/Middleware/PreventRequestForgery.php(104): Illuminate\Pipeline\Pipeline->{closure:{closure:Illuminate\Pipeline\Pipeline::carry():194}:195}()
#14 /home/runner/work/siperbang/siperbang/vendor/laravel/framework/src/Illuminate/Pipeline/Pipeline.php(219): Illuminate\Foundation\Http\Middleware\PreventRequestForgery->handle()
#15 /home/runner/work/siperbang/siperbang/vendor/laravel/framework/src/Illuminate/View/Middleware/ShareErrorsFromSession.php(48): Illuminate\Pipeline\Pipeline->{closure:{closure:Illuminate\Pipeline\Pipeline::carry():194}:195}()
#16 /home/runner/work/siperbang/siperbang/vendor/laravel/framework/src/Illuminate/Pipeline/Pipeline.php(219): Illuminate\View\Middleware\ShareErrorsFromSession->handle()
#17 /home/runner/work/siperbang/siperbang/vendor/laravel/framework/src/Illuminate/Session/Middleware/StartSession.php(120): Illuminate\Pipeline\Pipeline->{closure:{closure:Illuminate\Pipeline\Pipeline::carry():194}:195}()
#18 /home/runner/work/siperbang/siperbang/vendor/laravel/framework/src/Illuminate/Session/Middleware/StartSession.php(63): Illuminate\Session\Middleware\StartSession->handleStatefulRequest()
#19 /home/runner/work/siperbang/siperbang/vendor/laravel/framework/src/Illuminate/Pipeline/Pipeline.php(219): Illuminate\Session\Middleware\StartSession->handle()
#20 /home/runner/work/siperbang/siperbang/vendor/laravel/framework/src/Illuminate/Cookie/Middleware/AddQueuedCookiesToResponse.php(36): Illuminate\Pipeline\Pipeline->{closure:{closure:Illuminate\Pipeline\Pipeline::carry():194}:195}()
#21 /home/runner/work/siperbang/siperbang/vendor/laravel/framework/src/Illuminate/Pipeline/Pipeline.php(219): Illuminate\Cookie\Middleware\AddQueuedCookiesToResponse->handle()
#22 /home/runner/work/siperbang/siperbang/vendor/laravel/framework/src/Illuminate/Cookie/Middleware/EncryptCookies.php(74): Illuminate\Pipeline\Pipeline->{closure:{closure:Illuminate\Pipeline\Pipeline::carry():194}:195}()
#23 /home/runner/work/siperbang/siperbang/vendor/laravel/framework/src/Illuminate/Pipeline/Pipeline.php(219): Illuminate\Cookie\Middleware\EncryptCookies->handle()
#24 /home/runner/work/siperbang/siperbang/vendor/laravel/framework/src/Illuminate/Pipeline/Pipeline.php(137): Illuminate\Pipeline\Pipeline->{closure:{closure:Illuminate\Pipeline\Pipeline::carry():194}:195}()
#25 /home/runner/work/siperbang/siperbang/vendor/laravel/framework/src/Illuminate/Routing/Router.php(821): Illuminate\Pipeline\Pipeline->then()
#26 /home/runner/work/siperbang/siperbang/vendor/laravel/framework/src/Illuminate/Routing/Router.php(800): Illuminate\Routing\Router->runRouteWithinStack()
#27 /home/runner/work/siperbang/siperbang/vendor/laravel/framework/src/Illuminate/Routing/Router.php(764): Illuminate\Routing\Router->runRoute()
#28 /home/runner/work/siperbang/siperbang/vendor/laravel/framework/src/Illuminate/Routing/Router.php(753): Illuminate\Routing\Router->dispatchToRoute()
#29 /home/runner/work/siperbang/siperbang/vendor/laravel/framework/src/Illuminate/Foundation/Http/Kernel.php(200): Illuminate\Routing\Router->dispatch()
#30 /home/runner/work/siperbang/siperbang/vendor/laravel/framework/src/Illuminate/Pipeline/Pipeline.php(180): Illuminate\Foundation\Http\Kernel->{closure:Illuminate\Foundation\Http\Kernel::dispatchToRouter():197}()
#31 /home/runner/work/siperbang/siperbang/vendor/laravel/framework/src/Illuminate/Foundation/Http/Middleware/TransformsRequest.php(21): Illuminate\Pipeline\Pipeline->{closure:Illuminate\Pipeline\Pipeline::prepareDestination():178}()
#32 /home/runner/work/siperbang/siperbang/vendor/laravel/framework/src/Illuminate/Foundation/Http/Middleware/ConvertEmptyStringsToNull.php(31): Illuminate\Foundation\Http\Middleware\TransformsRequest->handle()
#33 /home/runner/work/siperbang/siperbang/vendor/laravel/framework/src/Illuminate/Pipeline/Pipeline.php(219): Illuminate\Foundation\Http\Middleware\ConvertEmptyStringsToNull->handle()
#34 /home/runner/work/siperbang/siperbang/vendor/laravel/framework/src/Illuminate/Foundation/Http/Middleware/TransformsRequest.php(21): Illuminate\Pipeline\Pipeline->{closure:{closure:Illuminate\Pipeline\Pipeline::carry():194}:195}()
#35 /home/runner/work/siperbang/siperbang/vendor/laravel/framework/src/Illuminate/Foundation/Http/Middleware/TrimStrings.php(51): Illuminate\Foundation\Http\Middleware\TransformsRequest->handle()
#36 /home/runner/work/siperbang/siperbang/vendor/laravel/framework/src/Illuminate/Pipeline/Pipeline.php(219): Illuminate\Foundation\Http\Middleware\TrimStrings->handle()
#37 /home/runner/work/siperbang/siperbang/vendor/laravel/framework/src/Illuminate/Http/Middleware/ValidatePostSize.php(27): Illuminate\Pipeline\Pipeline->{closure:{closure:Illuminate\Pipeline\Pipeline::carry():194}:195}()
#38 /home/runner/work/siperbang/siperbang/vendor/laravel/framework/src/Illuminate/Pipeline/Pipeline.php(219): Illuminate\Http\Middleware\ValidatePostSize->handle()
#39 /home/runner/work/siperbang/siperbang/vendor/laravel/framework/src/Illuminate/Foundation/Http/Middleware/PreventRequestsDuringMaintenance.php(109): Illuminate\Pipeline\Pipeline->{closure:{closure:Illuminate\Pipeline\Pipeline::carry():194}:195}()
#40 /home/runner/work/siperbang/siperbang/vendor/laravel/framework/src/Illuminate/Pipeline/Pipeline.php(219): Illuminate\Foundation\Http\Middleware\PreventRequestsDuringMaintenance->handle()
#41 /home/runner/work/siperbang/siperbang/vendor/laravel/framework/src/Illuminate/Http/Middleware/HandleCors.php(61): Illuminate\Pipeline\Pipeline->{closure:{closure:Illuminate\Pipeline\Pipeline::carry():194}:195}()
#42 /home/runner/work/siperbang/siperbang/vendor/laravel/framework/src/Illuminate/Pipeline/Pipeline.php(219): Illuminate\Http\Middleware\HandleCors->handle()
#43 /home/runner/work/siperbang/siperbang/vendor/laravel/framework/src/Illuminate/Http/Middleware/TrustProxies.php(58): Illuminate\Pipeline\Pipeline->{closure:{closure:Illuminate\Pipeline\Pipeline::carry():194}:195}()
#44 /home/runner/work/siperbang/siperbang/vendor/laravel/framework/src/Illuminate/Pipeline/Pipeline.php(219): Illuminate\Http\Middleware\TrustProxies->handle()
#45 /home/runner/work/siperbang/siperbang/vendor/laravel/framework/src/Illuminate/Foundation/Http/Middleware/InvokeDeferredCallbacks.php(22): Illuminate\Pipeline\Pipeline->{closure:{closure:Illuminate\Pipeline\Pipeline::carry():194}:195}()
#46 /home/runner/work/siperbang/siperbang/vendor/laravel/framework/src/Illuminate/Pipeline/Pipeline.php(219): Illuminate\Foundation\Http\Middleware\InvokeDeferredCallbacks->handle()
#47 /home/runner/work/siperbang/siperbang/vendor/laravel/framework/src/Illuminate/Http/Middleware/ValidatePathEncoding.php(28): Illuminate\Pipeline\Pipeline->{closure:{closure:Illuminate\Pipeline\Pipeline::carry():194}:195}()
#48 /home/runner/work/siperbang/siperbang/vendor/laravel/framework/src/Illuminate/Pipeline/Pipeline.php(219): Illuminate\Http\Middleware\ValidatePathEncoding->handle()
#49 /home/runner/work/siperbang/siperbang/vendor/laravel/framework/src/Illuminate/Pipeline/Pipeline.php(137): Illuminate\Pipeline\Pipeline->{closure:{closure:Illuminate\Pipeline\Pipeline::carry():194}:195}()
#50 /home/runner/work/siperbang/siperbang/vendor/laravel/framework/src/Illuminate/Foundation/Http/Kernel.php(175): Illuminate\Pipeline\Pipeline->then()
#51 /home/runner/work/siperbang/siperbang/vendor/laravel/framework/src/Illuminate/Foundation/Http/Kernel.php(144): Illuminate\Foundation\Http\Kernel->sendRequestThroughRouter()
#52 /home/runner/work/siperbang/siperbang/vendor/laravel/framework/src/Illuminate/Foundation/Testing/Concerns/MakesHttpRequests.php(638): Illuminate\Foundation\Http\Kernel->handle()
#53 /home/runner/work/siperbang/siperbang/vendor/laravel/framework/src/Illuminate/Foundation/Testing/Concerns/MakesHttpRequests.php(368): Illuminate\Foundation\Testing\TestCase->call()
#54 /home/runner/work/siperbang/siperbang/tests/Feature/ExampleTest.php(15): Illuminate\Foundation\Testing\TestCase->get()
#55 /home/runner/work/siperbang/siperbang/vendor/phpunit/phpunit/src/Framework/TestCase.php(1318): Tests\Feature\ExampleTest->test_the_application_returns_a_successful_response()
#56 /home/runner/work/siperbang/siperbang/vendor/phpunit/phpunit/src/Framework/TestCase.php(1355): PHPUnit\Framework\TestCase->invokeTestMethod()
#57 /home/runner/work/siperbang/siperbang/vendor/phpunit/phpunit/src/Framework/TestCase.php(521): PHPUnit\Framework\TestCase->runTest()
#58 /home/runner/work/siperbang/siperbang/vendor/phpunit/phpunit/src/Framework/TestRunner/TestRunner.php(99): PHPUnit\Framework\TestCase->runBare()
#59 /home/runner/work/siperbang/siperbang/vendor/phpunit/phpunit/src/Framework/TestCase.php(361): PHPUnit\Framework\TestRunner->run()
#60 /home/runner/work/siperbang/siperbang/vendor/phpunit/phpunit/src/Framework/TestSuite.php(374): PHPUnit\Framework\TestCase->run()
#61 /home/runner/work/siperbang/siperbang/vendor/phpunit/phpunit/src/Framework/TestSuite.php(374): PHPUnit\Framework\TestSuite->run()
#62 /home/runner/work/siperbang/siperbang/vendor/phpunit/phpunit/src/Framework/TestSuite.php(374): PHPUnit\Framework\TestSuite->run()
#63 /home/runner/work/siperbang/siperbang/vendor/phpunit/phpunit/src/TextUI/TestRunner.php(64): PHPUnit\Framework\TestSuite->run()
#64 /home/runner/work/siperbang/siperbang/vendor/phpunit/phpunit/src/TextUI/Application.php(229): PHPUnit\TextUI\TestRunner->run()
#65 /home/runner/work/siperbang/siperbang/vendor/phpunit/phpunit/phpunit(104): PHPUnit\TextUI\Application->run()
#66 {main}

----------------------------------------------------------------------------------

Vite manifest not found at: /home/runner/work/siperbang/siperbang/public/build/manifest.json (View: /home/runner/work/siperbang/siperbang/resources/views/welcome.blade.php)[39;22m

  at [32mtests/Feature/ExampleTest.php[39m:[32m17[39m
     13▕     public function test_the_application_returns_a_successful_response(): void
     14▕     {
     15▕         $response = $this->get('/');
     16▕ 
  ➜  17▕         $response->assertStatus(200);
     18▕     }
     19▕ }
     20▕

  [31m────────────────────────────────────────────────────────────────────────────[39m  
  [41;1m FAILED [49;22m [1mTests\Feature\ReceiptDocumentTest[22m [90m>[39m verify transaction and calcul…   
[39;1m  Expected response status code [200] but received 422.
Failed asserting that 422 is identical to 200.

The following errors occurred during the last request:

{
    "message": "Satuan setiap barang wajib dipilih. (and 1 more error)",
    "errors": {
        "items.0.unit": [
            "Satuan setiap barang wajib dipilih."
        ],
        "items.0.inventoryCode": [
            "Kode persediaan setiap barang wajib dipilih."
        ]
    }
}[39;22m

  at [32mtests/Feature/ReceiptDocumentTest.php[39m:[32m272[39m
    268▕         ];
    269▕ 
    270▕         $response = $this->actingAs($this->user)->putJson("/api/receipt-documents/{$doc->id}/verify", $payload);
    271▕         
  ➜ 272▕         $response->assertStatus(200);
    273▕         $doc->refresh();
    274▕         $this->assertEquals(ReceiptDocumentStatus::VERIFIED, $doc->status);
    275▕         
    276▕         // Assert receipt created


  [90mTests:[39m    [31;1m2 failed[39;22m[90m,[39m[39m [39m[32;1m15 passed[39;22m[90m (42 assertions)[39m
  [90mDuration:[39m [39m0.83s[39m

